/home/easemyai/seifer_work/Inference_PersonReid/src/interrupt_guard.py:1: SyntaxWarning: invalid escape sequence '\ '
  """
/home/easemyai/seifer_work/Inference_PersonReid/venv/lib/python3.12/site-packages/torchreid/reid/metrics/rank.py:11: UserWarning: Cython evaluation (very fast so highly recommended) is unavailable, now use python evaluation.
  warnings.warn(
[video] RTSP options: rtsp_transport;tcp|timeout;5000000|stimeout;5000000  (+ OpenCV open/read timeout 5000/5000 ms)
[main] Preparing 4 video(s) from --videos: cam_213, cam_224, cam_206, cam_219
[main] Run id: 20260731_060424
[main] Capability report: {'torch': '2.12.1+cu130', 'cuda_available': True, 'device': 'cuda:0', 'opencv': '5.0.0', 'nvdec_usable': False, 'decode_backend': 'cpu'}
[live] Starting LivePipeline on 4 source(s): cam_213, cam_224, cam_206, cam_219 | device=cuda:0
[store] transport: REST http://localhost:6333  collection=persons
[live] gallery store ready at http://localhost:6333 (existing points: 15892).
[live] offline reconcile ENABLED (run_id=20260731_060425): live reids are provisional; the CORRECT cross-camera ids are settled on Ctrl-C and re-rendered into output_<cam>.mp4.
[stop] To stop: press Ctrl-C ONCE. The run then reconciles cross-camera ids and re-renders output_<cam>.mp4 -- that step can take a while and prints as it goes. Extra Ctrl-C presses during it are IGNORED on purpose, so they can no longer cost you the reconciled ids (use Ctrl-\ if you must abort anyway).
[live] ReID tap: post_relu -- thresholds are tap-specific; never compare score logs across taps.
[live] pose ensemble DISABLED for the live path (throughput: 1 detection model/frame instead of 2).
[detector] Loading model 'yolo11m.pt' (first run may download it)...
[detector] Model ready.
[detector] Loading model 'yolo11m.pt' (first run may download it)...
[detector] Model ready.
[detector] Loading model 'yolo11m.pt' (first run may download it)...
[detector] Model ready.
[detector] Loading model 'yolo11m.pt' (first run may download it)...
[detector] Model ready.
[live] disk: 70.2 GB free (~21 GB/hour of clips at four cameras).
[live] warm-up complete (detector + ReID initialised).
[live] cross-camera topology veto: OFF (appearance-only; intended, not an error -- enable live.topology with measured transit times to use it).
[live:metrics] t=+10s  (elapsed=10.0s, max_batch=8)
    cam_213: read=233 (23.3fps)  rendered=170  written=0 (0.0fps)  slot_drop=0  rq_drop=0  wq_drop=0  reconnects=0
    cam_224: read=124 (12.4fps)  rendered=106  written=0 (0.0fps)  slot_drop=0  rq_drop=0  wq_drop=0  reconnects=0
    cam_206: read=135 (13.5fps)  rendered=129  written=0 (0.0fps)  slot_drop=0  rq_drop=0  wq_drop=0  reconnects=0
    cam_219: read=171 (17.1fps)  rendered=139  written=0 (0.0fps)  slot_drop=0  rq_drop=0  wq_drop=0  reconnects=0
    scheduler: batches=218 frames=660 avg_batch=3.03 util=38% stale_skipped=0
    drops/peaks: infer_q=5/4 identity_in=0/0 identity_fair_drop=0 writer_q_peak=0 | inference_done=631
    identity: minted=8 reacquired=0 linked=2 active=8 resolved_frames=631 stored=138
    x-camera: attempts=7 linked=2 rejected[thresh=3 margin=2 recip=0 topology=0] max_subthreshold_score=0.596
    same-cam reacquire: attempts=0 ok=0 rejected_below_thr=0 max_rejected_score=0.000  (high rejected_below_thr => fragmentation; same_camera_threshold too strict)
    coactive_vetoes=10  (co-present same-camera false-merges prevented)   topology_pruned=0  (impossible cross-camera candidates removed)
    score histograms (best candidate per attempt)   bins: <.5 .5-.6 .6-.7 .7-.8 .8-.9 .9+
      same-cam reacquire:    0    0    0    0    0    0   (pick same_camera_threshold below the same-person cluster)
      cross-camera:          0    3    3    1    0    0   (pick cross_camera_threshold below the true-match cluster)
[live:metrics] t=+20s  (elapsed=20.0s, max_batch=8)
    cam_213: read=483 (24.1fps)  rendered=408  written=0 (0.0fps)  slot_drop=0  rq_drop=0  wq_drop=0  reconnects=0
    cam_224: read=274 (13.7fps)  rendered=252  written=0 (0.0fps)  slot_drop=0  rq_drop=0  wq_drop=0  reconnects=0
    cam_206: read=382 (19.1fps)  rendered=365  written=0 (0.0fps)  slot_drop=0  rq_drop=0  wq_drop=0  reconnects=0
    cam_219: read=421 (21.0fps)  rendered=376  written=0 (0.0fps)  slot_drop=2  rq_drop=0  wq_drop=0  reconnects=0
    scheduler: batches=462 frames=1558 avg_batch=3.37 util=42% stale_skipped=0
    drops/peaks: infer_q=14/4 identity_in=0/0 identity_fair_drop=0 writer_q_peak=0 | inference_done=1488
    identity: minted=13 reacquired=2 linked=3 active=13 resolved_frames=1488 stored=465
    x-camera: attempts=13 linked=3 rejected[thresh=5 margin=3 recip=2 topology=0] max_subthreshold_score=0.596
    same-cam reacquire: attempts=6 ok=2 rejected_below_thr=4 max_rejected_score=0.663  (high rejected_below_thr => fragmentation; same_camera_threshold too strict)
    coactive_vetoes=40  (co-present same-camera false-merges prevented)   topology_pruned=0  (impossible cross-camera candidates removed)
    score histograms (best candidate per attempt)   bins: <.5 .5-.6 .6-.7 .7-.8 .8-.9 .9+
      same-cam reacquire:    0    1    3    1    0    1   (pick same_camera_threshold below the same-person cluster)
      cross-camera:          0    5    6    1    1    0   (pick cross_camera_threshold below the true-match cluster)
[live:metrics] t=+30s  (elapsed=30.0s, max_batch=8)
    cam_213: read=733 (24.4fps)  rendered=645  written=0 (0.0fps)  slot_drop=0  rq_drop=0  wq_drop=0  reconnects=0
    cam_224: read=424 (14.1fps)  rendered=397  written=0 (0.0fps)  slot_drop=0  rq_drop=0  wq_drop=0  reconnects=0
    cam_206: read=633 (21.1fps)  rendered=603  written=0 (0.0fps)  slot_drop=0  rq_drop=0  wq_drop=0  reconnects=0
    cam_219: read=671 (22.3fps)  rendered=613  written=0 (0.0fps)  slot_drop=2  rq_drop=0  wq_drop=0  reconnects=0
    scheduler: batches=705 frames=2456 avg_batch=3.48 util=44% stale_skipped=0
    drops/peaks: infer_q=27/4 identity_in=0/3 identity_fair_drop=0 writer_q_peak=0 | inference_done=2345
    identity: minted=16 reacquired=7 linked=3 active=16 resolved_frames=2345 stored=786
    x-camera: attempts=16 linked=3 rejected[thresh=5 margin=4 recip=4 topology=0] max_subthreshold_score=0.596
    same-cam reacquire: attempts=14 ok=7 rejected_below_thr=7 max_rejected_score=0.698  (high rejected_below_thr => fragmentation; same_camera_threshold too strict)
    coactive_vetoes=61  (co-present same-camera false-merges prevented)   topology_pruned=0  (impossible cross-camera candidates removed)
    score histograms (best candidate per attempt)   bins: <.5 .5-.6 .6-.7 .7-.8 .8-.9 .9+
      same-cam reacquire:    0    1    6    2    3    2   (pick same_camera_threshold below the same-person cluster)
      cross-camera:          0    5    8    2    1    0   (pick cross_camera_threshold below the true-match cluster)
[live:metrics] t=+40s  (elapsed=40.1s, max_batch=8)
    cam_213: read=984 (24.6fps)  rendered=892  written=0 (0.0fps)  slot_drop=0  rq_drop=0  wq_drop=0  reconnects=0
    cam_224: read=574 (14.3fps)  rendered=545  written=0 (0.0fps)  slot_drop=0  rq_drop=0  wq_drop=0  reconnects=0
    cam_206: read=883 (22.0fps)  rendered=850  written=0 (0.0fps)  slot_drop=0  rq_drop=0  wq_drop=0  reconnects=0
    cam_219: read=920 (23.0fps)  rendered=859  written=0 (0.0fps)  slot_drop=2  rq_drop=0  wq_drop=0  reconnects=0
    scheduler: batches=949 frames=3359 avg_batch=3.54 util=44% stale_skipped=0
    drops/peaks: infer_q=31/4 identity_in=0/31 identity_fair_drop=0 writer_q_peak=0 | inference_done=3233
    identity: minted=18 reacquired=10 linked=3 active=18 resolved_frames=3233 stored=1092
    x-camera: attempts=18 linked=3 rejected[thresh=5 margin=5 recip=5 topology=0] max_subthreshold_score=0.596
    same-cam reacquire: attempts=18 ok=10 rejected_below_thr=8 max_rejected_score=0.698  (high rejected_below_thr => fragmentation; same_camera_threshold too strict)
    coactive_vetoes=82  (co-present same-camera false-merges prevented)   topology_pruned=0  (impossible cross-camera candidates removed)
    score histograms (best candidate per attempt)   bins: <.5 .5-.6 .6-.7 .7-.8 .8-.9 .9+
      same-cam reacquire:    0    1    7    4    3    3   (pick same_camera_threshold below the same-person cluster)
      cross-camera:          0    5    9    3    1    0   (pick cross_camera_threshold below the true-match cluster)
[live:metrics] t=+50s  (elapsed=50.1s, max_batch=8)
    cam_213: read=1234 (24.6fps)  rendered=1143  written=0 (0.0fps)  slot_drop=0  rq_drop=0  wq_drop=0  reconnects=0
    cam_224: read=724 (14.5fps)  rendered=697  written=0 (0.0fps)  slot_drop=0  rq_drop=0  wq_drop=0  reconnects=0
    cam_206: read=1133 (22.6fps)  rendered=1102  written=0 (0.0fps)  slot_drop=0  rq_drop=0  wq_drop=0  reconnects=0
    cam_219: read=1170 (23.4fps)  rendered=1110  written=0 (0.0fps)  slot_drop=2  rq_drop=0  wq_drop=0  reconnects=0
    scheduler: batches=1192 frames=4256 avg_batch=3.57 util=45% stale_skipped=0
    drops/peaks: infer_q=32/4 identity_in=0/31 identity_fair_drop=0 writer_q_peak=0 | inference_done=4141
    identity: minted=18 reacquired=13 linked=3 active=18 resolved_frames=4140 stored=1353
    x-camera: attempts=18 linked=3 rejected[thresh=5 margin=5 recip=5 topology=0] max_subthreshold_score=0.596
    same-cam reacquire: attempts=21 ok=13 rejected_below_thr=8 max_rejected_score=0.698  (high rejected_below_thr => fragmentation; same_camera_threshold too strict)
    coactive_vetoes=90  (co-present same-camera false-merges prevented)   topology_pruned=0  (impossible cross-camera candidates removed)
    score histograms (best candidate per attempt)   bins: <.5 .5-.6 .6-.7 .7-.8 .8-.9 .9+
      same-cam reacquire:    0    1    7    5    4    4   (pick same_camera_threshold below the same-person cluster)
      cross-camera:          0    5    9    3    1    0   (pick cross_camera_threshold below the true-match cluster)
[live:metrics] t=+60s  (elapsed=60.1s, max_batch=8)
    cam_213: read=1484 (24.7fps)  rendered=1392  written=0 (0.0fps)  slot_drop=0  rq_drop=0  wq_drop=0  reconnects=0
    cam_224: read=874 (14.5fps)  rendered=846  written=0 (0.0fps)  slot_drop=0  rq_drop=0  wq_drop=0  reconnects=0
    cam_206: read=1384 (23.0fps)  rendered=1352  written=0 (0.0fps)  slot_drop=0  rq_drop=0  wq_drop=0  reconnects=0
    cam_219: read=1420 (23.6fps)  rendered=1359  written=0 (0.0fps)  slot_drop=2  rq_drop=0  wq_drop=0  reconnects=0
    scheduler: batches=1435 frames=5157 avg_batch=3.59 util=45% stale_skipped=0
    drops/peaks: infer_q=32/4 identity_in=0/31 identity_fair_drop=0 writer_q_peak=0 | inference_done=5038
    identity: minted=19 reacquired=16 linked=3 active=19 resolved_frames=5038 stored=1610
    x-camera: attempts=19 linked=3 rejected[thresh=5 margin=6 recip=5 topology=0] max_subthreshold_score=0.596
    same-cam reacquire: attempts=25 ok=16 rejected_below_thr=9 max_rejected_score=0.698  (high rejected_below_thr => fragmentation; same_camera_threshold too strict)
    coactive_vetoes=100  (co-present same-camera false-merges prevented)   topology_pruned=0  (impossible cross-camera candidates removed)
    score histograms (best candidate per attempt)   bins: <.5 .5-.6 .6-.7 .7-.8 .8-.9 .9+
      same-cam reacquire:    0    1    8    5    6    5   (pick same_camera_threshold below the same-person cluster)
      cross-camera:          0    5   10    3    1    0   (pick cross_camera_threshold below the true-match cluster)
[live:metrics] t=+70s  (elapsed=70.1s, max_batch=8)
    cam_213: read=1735 (24.8fps)  rendered=1626  written=0 (0.0fps)  slot_drop=0  rq_drop=0  wq_drop=0  reconnects=0
    cam_224: read=1025 (14.6fps)  rendered=987  written=0 (0.0fps)  slot_drop=0  rq_drop=0  wq_drop=0  reconnects=0
    cam_206: read=1634 (23.3fps)  rendered=1583  written=0 (0.0fps)  slot_drop=0  rq_drop=0  wq_drop=0  reconnects=0
    cam_219: read=1670 (23.8fps)  rendered=1588  written=0 (0.0fps)  slot_drop=2  rq_drop=0  wq_drop=0  reconnects=0
    scheduler: batches=1679 frames=6058 avg_batch=3.61 util=45% stale_skipped=0
    drops/peaks: infer_q=49/4 identity_in=0/31 identity_fair_drop=0 writer_q_peak=0 | inference_done=5875
    identity: minted=21 reacquired=19 linked=3 active=21 resolved_frames=5875 stored=1918
    x-camera: attempts=21 linked=3 rejected[thresh=5 margin=6 recip=7 topology=0] max_subthreshold_score=0.596
    same-cam reacquire: attempts=30 ok=19 rejected_below_thr=11 max_rejected_score=0.698  (high rejected_below_thr => fragmentation; same_camera_threshold too strict)
    coactive_vetoes=120  (co-present same-camera false-merges prevented)   topology_pruned=0  (impossible cross-camera candidates removed)
    score histograms (best candidate per attempt)   bins: <.5 .5-.6 .6-.7 .7-.8 .8-.9 .9+
      same-cam reacquire:    0    2    9    6    7    6   (pick same_camera_threshold below the same-person cluster)
      cross-camera:          0    5   11    4    1    0   (pick cross_camera_threshold below the true-match cluster)

[live] Ctrl-C -> stopping and finalizing outputs. Do NOT press Ctrl-C again: the reconciled cross-camera ids are decided during this step.
[render:cam_213] captured 1856 processed frames -> ._live_src_cam_213.mp4
[render:cam_213] box geometry -> ._live_src_cam_213.annotations.json
[render:cam_219] captured 1822 processed frames -> ._live_src_cam_219.mp4
[render:cam_224] captured 1130 processed frames -> ._live_src_cam_224.mp4
[capture:cam_213] done (1981 frames, 0 reconnects).
[capture:cam_219] done (1916 frames, 0 reconnects).
[capture:cam_206] done (1880 frames, 0 reconnects).
[render:cam_219] box geometry -> ._live_src_cam_219.annotations.json
[render:cam_224] box geometry -> ._live_src_cam_224.annotations.json
[capture:cam_224] done (1173 frames, 0 reconnects).
[render:cam_206] captured 1819 processed frames -> ._live_src_cam_206.mp4
[render:cam_206] box geometry -> ._live_src_cam_206.annotations.json
[live:metrics] final SUMMARY  (elapsed=80.0s, max_batch=8)
    cam_213: read=1981 (24.7fps)  rendered=1856  written=0 (0.0fps)  slot_drop=0  rq_drop=0  wq_drop=0  reconnects=0
    cam_224: read=1173 (14.7fps)  rendered=1130  written=0 (0.0fps)  slot_drop=0  rq_drop=0  wq_drop=0  reconnects=0
    cam_206: read=1880 (23.5fps)  rendered=1819  written=0 (0.0fps)  slot_drop=0  rq_drop=0  wq_drop=0  reconnects=0
    cam_219: read=1916 (23.9fps)  rendered=1822  written=0 (0.0fps)  slot_drop=2  rq_drop=0  wq_drop=0  reconnects=0
    scheduler: batches=1919 frames=6944 avg_batch=3.62 util=45% stale_skipped=0
    drops/peaks: infer_q=62/4 identity_in=0/31 identity_fair_drop=0 writer_q_peak=0 | inference_done=6717
    identity: minted=22 reacquired=23 linked=6 active=22 resolved_frames=6714 stored=2216
    x-camera: attempts=25 linked=6 rejected[thresh=5 margin=6 recip=8 topology=0] max_subthreshold_score=0.596
    same-cam reacquire: attempts=38 ok=23 rejected_below_thr=15 max_rejected_score=0.698  (high rejected_below_thr => fragmentation; same_camera_threshold too strict)
    coactive_vetoes=148  (co-present same-camera false-merges prevented)   topology_pruned=0  (impossible cross-camera candidates removed)
    score histograms (best candidate per attempt)   bins: <.5 .5-.6 .6-.7 .7-.8 .8-.9 .9+
      same-cam reacquire:    0    4   11    7    7    9   (pick same_camera_threshold below the same-person cluster)
      cross-camera:          0    5   11    7    2    0   (pick cross_camera_threshold below the true-match cluster)

[live] Please wait a moment while we render the final outputs (offline reconciliation)...
[live] persisted 2216 observation(s) for run 20260731_060425.
[live] reconciling identities across cameras...
  tracklet reconcile: same-camera bars cam_206=0.90, cam_213=0.80, cam_219=0.90, cam_224=0.80  (global 0.90, cross-camera 0.63)
  tracklet reconcile: cross-camera simultaneity veto ON over 6 configured pair(s); 69/69 tracklet(s) have a wall-clock span
  tracklet reconcile: suppressed ('cam_206', 17) (2 obs < 3)
  tracklet reconcile: suppressed ('cam_206', 39) (1 obs < 3)
  tracklet reconcile: suppressed ('cam_206', 45) (1 obs < 3)
  tracklet reconcile: suppressed ('cam_206', 52) (1 obs < 3)
  tracklet reconcile: suppressed ('cam_206', 61) (2 obs < 3)
  tracklet reconcile: suppressed ('cam_206', 72) (2 obs < 3)
  tracklet reconcile: suppressed ('cam_206', 74) (1 obs < 3)
  tracklet reconcile: suppressed ('cam_206', 94) (1 obs < 3)
  tracklet reconcile: suppressed ('cam_206', 96) (2 obs < 3)
  tracklet reconcile: suppressed ('cam_206', 109) (1 obs < 3)
  tracklet reconcile: suppressed ('cam_206', 112) (1 obs < 3)
  tracklet reconcile: suppressed ('cam_206', 119) (1 obs < 3)
  tracklet reconcile: suppressed ('cam_206', 125) (1 obs < 3)
  tracklet reconcile: suppressed ('cam_206', 135) (1 obs < 3)[h264_v4l2m2m @ 0x72e67181c840] Could not find a valid device
[h264_v4l2m2m @ 0x72e67181c840] can't configure encoder
[ERROR:0@86.084] global cap_ffmpeg_impl.hpp:3568 open Could not open codec h264_v4l2m2m, error: Unspecified error (-22)
[ERROR:0@86.084] global cap_ffmpeg_impl.hpp:3585 open VIDEOIO/FFMPEG: Failed to initialize VideoWriter
[h264_v4l2m2m @ 0x72e592a8fd40] Could not find a valid device
[h264_v4l2m2m @ 0x72e592a8fd40] can't configure encoder
[ERROR:1@86.115] global cap_ffmpeg_impl.hpp:3568 open Could not open codec h264_v4l2m2m, error: Unspecified error (-22)
[ERROR:1@86.115] global cap_ffmpeg_impl.hpp:3585 open VIDEOIO/FFMPEG: Failed to initialize VideoWriter
[h264_v4l2m2m @ 0x72e519c89f40] Could not find a valid device
[h264_v4l2m2m @ 0x72e519c89f40] can't configure encoder
[ERROR:2@86.123] global cap_ffmpeg_impl.hpp:3568 open Could not open codec h264_v4l2m2m, error: Unspecified error (-22)
[ERROR:2@86.123] global cap_ffmpeg_impl.hpp:3585 open VIDEOIO/FFMPEG: Failed to initialize VideoWriter
[h264_v4l2m2m @ 0x72e469c4b500] Could not find a valid device
[h264_v4l2m2m @ 0x72e469c4b500] can't configure encoder
[ERROR:3@86.168] global cap_ffmpeg_impl.hpp:3568 open Could not open codec h264_v4l2m2m, error: Unspecified error (-22)
[ERROR:3@86.168] global cap_ffmpeg_impl.hpp:3585 open VIDEOIO/FFMPEG: Failed to initialize VideoWriter

  tracklet reconcile: suppressed ('cam_213', 9) (2 obs < 3)
  tracklet reconcile: suppressed ('cam_213', 10) (1 obs < 3)
  tracklet reconcile: suppressed ('cam_213', 23) (1 obs < 3)
  tracklet reconcile: suppressed ('cam_213', 104) (2 obs < 3)
  tracklet reconcile: same-camera merge ('cam_206', 67) + ('cam_206', 75) (cosine 0.991)
  tracklet reconcile: same-camera merge ('cam_206', 101) + ('cam_206', 132) (cosine 0.983)
  tracklet reconcile: same-camera merge ('cam_206', 16) + ('cam_206', 37) (cosine 0.982)
  tracklet reconcile: same-camera merge ('cam_219', 7) + ('cam_219', 113) (cosine 0.969)
  tracklet reconcile: same-camera merge ('cam_206', 15) + ('cam_206', 56) (cosine 0.967)
  tracklet reconcile: same-camera merge ('cam_224', 3) + ('cam_224', 68) (cosine 0.958)
  tracklet reconcile: same-camera merge ('cam_206', 69) + ('cam_206', 118) (cosine 0.958)
  tracklet reconcile: same-camera merge ('cam_206', 26) + ('cam_206', 43) (cosine 0.916)
  tracklet reconcile: same-camera merge ('cam_213', 79) + ('cam_213', 88) (cosine 0.889)
  tracklet reconcile: same-camera merge ('cam_213', 11) + ('cam_213', 38) (cosine 0.835)
  tracklet reconcile: same-camera reciprocal-best ON -- 10 merged, 22 above-bar pair(s) refused for not being each other's best
  tracklet reconcile: cross-camera cluster merge ('cam_219', 46) + ('cam_224', 3) (cosine 0.966 >= 0.63)
  tracklet reconcile: cross-camera cluster merge ('cam_206', 99) + ('cam_224', 134) (cosine 0.870 >= 0.63)
  tracklet reconcile: cross-camera cluster merge ('cam_219', 8) + ('cam_224', 4) (cosine 0.869 >= 0.63)
  tracklet reconcile: cross-camera cluster merge ('cam_206', 69) + ('cam_224', 142) (cosine 0.860 >= 0.63)
  tracklet reconcile: cross-camera cluster merge ('cam_206', 107) + ('cam_224', 137) (cosine 0.846 >= 0.63)
  tracklet reconcile: cross-camera cluster merge ('cam_206', 34) + ('cam_219', 6) (cosine 0.779 >= 0.63)
  tracklet reconcile: same-camera cluster merge ('cam_219', 46) + ('cam_224', 102) (cosine 0.948 >= 0.80)
  tracklet reconcile: same-camera cluster merge ('cam_206', 53) + ('cam_206', 69) (cosine 0.929 >= 0.90)
  tracklet reconcile: cross-camera cluster merge ('cam_213', 79) + ('cam_219', 46) (cosine 0.887 >= 0.63)
  tracklet reconcile: cross-camera cluster merge ('cam_206', 53) + ('cam_213', 140) (cosine 0.837 >= 0.63)
  tracklet reconcile: cross-camera cluster merge ('cam_206', 12) + ('cam_219', 7) (cosine 0.818 >= 0.63)
  tracklet reconcile: cross-camera cluster merge ('cam_206', 12) + ('cam_224', 30) (cosine 0.760 >= 0.63)
  tracklet reconcile: cross-camera cluster merge ('cam_206', 34) + ('cam_224', 5) (cosine 0.732 >= 0.63)
  tracklet reconcile: cross-camera cluster merge ('cam_206', 12) + ('cam_213', 51) (cosine 0.757 >= 0.63)
  tracklet reconcile: cross-camera cluster merge ('cam_206', 27) + ('cam_219', 8) (cosine 0.677 >= 0.63)
  tracklet reconcile: cross-camera cluster merge ('cam_206', 48) + ('cam_213', 79) (cosine 0.649 >= 0.63)
  tracklet reconcile: 51 tracklets -> 25 identities.
  --- reconcile diagnostics ---
    decisions evaluated: 314
    gate failures: {'MIN_OBSERVATIONS': 18, 'ABSOLUTE_THRESHOLD': 136, 'RECIPROCAL_BEST': 116}
    candidate exclusions: {'TEMPORAL_CONFLICT_SAME_CAMERA': 1537, 'TEMPORAL_CONFLICT_CROSS_CAMERA': 1961, 'NOT_MERGEABLE_CROSS': 1564, 'BELOW_ABSOLUTE_THRESHOLD': 2598}
    tracklets=69 -> identities=25  max/identity=7  mean=2.04
    suppressed=18 (1.08% of observations)  expired_unresolved=0
      cam_206: 42 tracklet(s), obs total=913 min=1 max=158 mean=21.74
      cam_213: 12 tracklet(s), obs total=68 min=1 max=12 mean=5.67
      cam_219: 5 tracklet(s), obs total=538 min=20 max=211 mean=107.6
      cam_224: 10 tracklet(s), obs total=697 min=3 max=194 mean=69.7
    identities spanning >1 camera: 7
      cam_206 <-> cam_213: considered=2022 merged=6 excluded={'TEMPORAL_CONFLICT_CROSS_CAMERA': 685, 'BELOW_ABSOLUTE_THRESHOLD': 970, 'TEMPORAL_CONFLICT_SAME_CAMERA': 141}
      cam_206 <-> cam_219: considered=1330 merged=8 excluded={'TEMPORAL_CONFLICT_CROSS_CAMERA': 780, 'BELOW_ABSOLUTE_THRESHOLD': 332, 'TEMPORAL_CONFLICT_SAME_CAMERA': 104}
      cam_206 <-> cam_224: considered=2744 merged=16 excluded={'TEMPORAL_CONFLICT_CROSS_CAMERA': 1096, 'BELOW_ABSOLUTE_THRESHOLD': 970, 'TEMPORAL_CONFLICT_SAME_CAMERA': 428}
      cam_213 <-> cam_219: considered=368 merged=4 excluded={'TEMPORAL_CONFLICT_CROSS_CAMERA': 299, 'BELOW_ABSOLUTE_THRESHOLD': 8, 'TEMPORAL_CONFLICT_SAME_CAMERA': 23}
      cam_213 <-> cam_224: considered=766 merged=6 excluded={'TEMPORAL_CONFLICT_CROSS_CAMERA': 507, 'BELOW_ABSOLUTE_THRESHOLD': 104, 'TEMPORAL_CONFLICT_SAME_CAMERA': 57}
      cam_219 <-> cam_224: considered=484 merged=10 excluded={'BELOW_ABSOLUTE_THRESHOLD': 36, 'TEMPORAL_CONFLICT_CROSS_CAMERA': 230, 'TEMPORAL_CONFLICT_SAME_CAMERA': 134}
    TOP2_MARGIN disagreement: 141/178 = 79.21% (hard constraints reshaping the candidate space)  [+136 with no selectable candidate]
  tracklet reconcile: decision log -> logs/reconcile_decisions_20260731_060425.jsonl
[live] rendering final annotated videos with reconciled ids...
[live] output fps per camera: cam_206=24.3, cam_213=23.6, cam_219=24.0, cam_224=14.6  (was a single global 20.0 for all)
[render] cam_213: codec 'h264' unavailable in this OpenCV build; falling back to mp4v.
[render] cam_206: codec 'h264' unavailable in this OpenCV build; falling back to mp4v.
[render] cam_219: codec 'h264' unavailable in this OpenCV build; falling back to mp4v.
[render] cam_224: codec 'h264' unavailable in this OpenCV build; falling back to mp4v.
[video_source] End of video file.
[render] Final annotated video -> output_cam_213.mp4
[video_source] End of video file.
[render] Final annotated video -> output_cam_206.mp4
[video_source] End of video file.
[render] Final annotated video -> output_cam_224.mp4
[video_source] End of video file.
[render] Final annotated video -> output_cam_219.mp4

===== RUN SUMMARY =====
  Run id: 20260731_060425
  Store: 2216 observations -> 25 distinct people (reid_ids)
  Cross-camera people: 7
    GID 1: cam_206 (track 0012) + cam_213 (track 0051) + cam_219 (track 0007 + track 0113) + cam_224 (track 0030)
    GID 7: cam_206 (track 0027) + cam_219 (track 0008) + cam_224 (track 0004)
    GID 10: cam_206 (track 0034) + cam_219 (track 0006) + cam_224 (track 0005)
    GID 11: cam_206 (track 0048) + cam_213 (track 0079 + track 0088) + cam_219 (track 0046) + cam_224 (track 0003 + track 0068 + track 0102)
    GID 12: cam_206 (track 0053 + track 0069 + track 0118) + cam_213 (track 0140) + cam_224 (track 0142)
    GID 16: cam_206 (track 0099) + cam_224 (track 0134)
    GID 18: cam_206 (track 0107) + cam_224 (track 0137)
  Annotated videos: output_cam_213.mp4, output_cam_224.mp4, output_cam_206.mp4, output_cam_219.mp4
=======================

[live] keeping processed-frame clip: ._live_src_cam_213.mp4 (+ ._live_src_cam_213.annotations.json)
[live] keeping processed-frame clip: ._live_src_cam_224.mp4 (+ ._live_src_cam_224.annotations.json)
[live] keeping processed-frame clip: ._live_src_cam_206.mp4 (+ ._live_src_cam_206.annotations.json)
[live] keeping processed-frame clip: ._live_src_cam_219.mp4 (+ ._live_src_cam_219.annotations.json)
[live] re-render these at other reconcile settings with: python tests/calibration/rerender_from_clips.py 20260731_060425
[live] shutdown complete.
[main] All done.
